namespace Fact.Models
{
    public partial class Context : global::System.Data.Entity.DbContext
    {
        static Context()
        {
            global::System.Data.Entity.Database.SetInitializer<Context>(null);
        }

        public Context(string nameOrConnectionString)
            : base(nameOrConnectionString)
        {
        }

        public global::System.Data.Entity.DbSet<global::Fact.Models.Table> Tables { get; set; }

        protected override void OnModelCreating(global::System.Data.Entity.DbModelBuilder modelBuilder)
        {
            modelBuilder.Configurations.Add(new global::Fact.Models.Mapping.TableMap());
        }
    }
}


namespace Fact.Models
{
    public partial class Table
    {
        public global::System.Int32 ID { get; set; }
        public global::System.String Name { get; set; }
    }
}


namespace Fact.Models.Mapping
{
    public class TableMap : global::System.Data.Entity.ModelConfiguration.EntityTypeConfiguration<Table>
    {
        public TableMap()
        {
            // Primary Key
            this.HasKey(x => x.ID);

            // Properties

            // Table & Column Mappings
            this.ToTable("Tables", "dbo");
            this.Property(x => x.ID).HasColumnName("ID");
            this.Property(x => x.Name).HasColumnName("Name");

            // Relationships
        }
    }
}

